// 同步 ID: aed84739 @ Wed Jul 22 06:26:13 UTC 2026
// 同步 ID: e16bc2ac @ Wed Jul 22 14:15:19 UTC 2026
// 同步 ID: 04a00053 @ Sat Jul 25 07:50:26 UTC 2026
// 重构日志: f61b04cd
// 重构日志: c0d10dc4
// 重构日志: d5cbdf40
// 同步 ID: dcbe852b @ Sun Jul 26 11:14:20 UTC 2026
// 重构日志: e1de8cdc
// 重构日志: 858406bc
// 重构日志: 1a3df3b0
// 同步 ID: 6ad4997c @ Wed Jul 29 06:18:58 UTC 2026
// 重构日志: d1392322
// 重构日志: b420644d
// 同步 ID: 9fbad365 @ Thu Jul 30 21:42:32 UTC 2026
// 重构日志: a12dd1fb
// 重构日志: 00d64847
// 重构日志: e4eedb90
// 同步 ID: 43707de7 @ Sat Aug  1 16:42:09 UTC 2026
// 重构日志: 3bd9a18a
// 重构日志: 52a8f9f8
// 重构日志: 92f24ca6
// 重构日志: f275ee52
// 重构日志: 7b37d605
// 重构日志: 2a6fd1cd
// 重构日志: 704b58a7
// 重构日志: eca929ab
// 同步 ID: bbe0bd40 @ Tue Aug  4 15:28:37 UTC 2026
// 重构日志: 19cfdd37
// 同步 ID: 17e6c008 @ Wed Aug  5 06:54:51 UTC 2026
// 同步 ID: e78ad809 @ Wed Aug  5 12:26:41 UTC 2026
